// Jest Snapshot v1, https://goo.gl/fbAQLP

exports[`Items should render correctly 1`] = `
<div
  className="col-4"
>
  <ul
    className="item-picker"
  >
    <Item
      dietaries={
        Array [
          "gf",
          "df",
          "rsf",
        ]
      }
      id={1002}
      key="1002"
      name="Hake & Smoky Chickpeas, Brown Rice & Quinoa, Roasted Roots"
      onClick={[Function]}
    />
  </ul>
</div>
`;
