// Jest Snapshot v1, https://goo.gl/fbAQLP

exports[`SummaryHeader should render correctly 1`] = `
<div
  className="menu-summary"
>
  <div
    className="container"
  >
    <div
      className="row"
    >
      <div
        className="col-6 menu-summary-left"
      >
        <span>
          5 items
        </span>
      </div>
      <div
        className="col-6 menu-summary-right"
      >
        6x 
        <span
          className="dietary"
        >
          ve
        </span>
        4x 
        <span
          className="dietary"
        >
          v
        </span>
        12x 
        <span
          className="dietary"
        >
          n!
        </span>
      </div>
    </div>
  </div>
</div>
`;
