// Jest Snapshot v1, https://goo.gl/fbAQLP

exports[`the App renders 1`] = `
<div
  className="wrapper"
>
  <WithDietaryMap
    WrappedComponent={[Function]}
    items={Array []}
  />
  <div
    className="container menu-builder"
  >
    <div
      className="row"
    >
      <div
        className="col-4"
      >
        <WithSelectHandler
          WrappedComponent={[Function]}
          items={Array []}
          selectedItemsState={Array []}
          updateSelectedItemsState={[Function]}
        />
      </div>
      <div
        className="col-8"
      >
        <WithDeselectHandler
          WrappedComponent={[Function]}
          selectedItems={Array []}
          selectedItemsState={Array []}
          updateSelectedItemsState={[Function]}
        />
      </div>
    </div>
  </div>
</div>
`;
