// Jest Snapshot v1, https://goo.gl/fbAQLP

exports[`renders 1`] = `
ShallowWrapper {
  "length": 1,
  Symbol(enzyme.__root__): [Circular],
  Symbol(enzyme.__unrendered__): <Unknown />,
  Symbol(enzyme.__renderer__): Object {
    "batchedUpdates": [Function],
    "getNode": [Function],
    "render": [Function],
    "simulateEvent": [Function],
    "unmount": [Function],
  },
  Symbol(enzyme.__node__): Object {
    "instance": null,
    "key": undefined,
    "nodeType": "function",
    "props": Object {
      "items": Array [
        Object {
          "dietaries": Array [
            "v",
            "ve",
            "df",
            "gf",
            "n!",
          ],
          "id": 1001,
          "name": "Kale Caesar Pasta, Turmeric Satay Broccoli & Lemon Cashew Greens",
        },
        Object {
          "dietaries": Array [
            "gf",
            "df",
            "rsf",
          ],
          "id": 1002,
          "name": "Hake & Smoky Chickpeas, Brown Rice & Quinoa, Roasted Roots",
        },
        Object {
          "dietaries": Array [
            "gf",
            "df",
            "v",
            "ve",
            "n!",
          ],
          "id": 1003,
          "name": "Dill & Swiss Chard Potato Cakes, Summer Tabbouleh & Roasted Roots",
        },
        Object {
          "dietaries": Array [
            "df",
            "gf",
            "rsf",
            "n!",
          ],
          "id": 1004,
          "name": "Hake & Smoky Chickpeas, Herby Potatoes & Turmeric Satay Broccoli",
        },
        Object {
          "dietaries": Array [
            "gf",
            "df",
          ],
          "id": 1005,
          "name": "Cuban Beef, Brown Rice & Quinoa, Green Pepper & Butterbean Salad",
        },
        Object {
          "dietaries": Array [
            "gf",
            "df",
            "rsf",
            "n!",
          ],
          "id": 1006,
          "name": "Thai Chicken, Brown Rice & Quinoa, Lemon & Cashew Greens",
        },
        Object {
          "dietaries": Array [
            "gf",
            "df",
            "n!",
          ],
          "id": 1007,
          "name": "Cuban Beef, Herby Potatoes & Turmeric Satay Broccoli",
        },
        Object {
          "dietaries": Array [
            "gf",
            "df",
            "rsf",
            "n!",
          ],
          "id": 1008,
          "name": "Thai Chicken, Brown Rice & Quinoa & Turmeric Satay Broccolli",
        },
        Object {
          "dietaries": Array [
            "gf",
            "df",
          ],
          "id": 1009,
          "name": "Mackerel Salad Box",
        },
        Object {
          "dietaries": Array [
            "ve",
            "v",
            "gf",
            "df",
          ],
          "id": 10010,
          "name": "Pasta Salad Box",
        },
        Object {
          "dietaries": Array [],
          "id": 10011,
          "name": "Tuna Salad Box",
        },
        Object {
          "dietaries": Array [
            "gf",
            "v",
          ],
          "id": 10012,
          "name": "Coconut Blondie with Dark Chocolate",
        },
        Object {
          "dietaries": Array [
            "gf",
            "df",
          ],
          "id": 10013,
          "name": "Cinnamon Swirl Muffin",
        },
        Object {
          "dietaries": Array [
            "df",
            "gf",
            "n!",
            "v",
          ],
          "id": 10014,
          "name": "Apple, Date and Walnut Muffin",
        },
        Object {
          "dietaries": Array [
            "v",
            "df",
            "gf",
          ],
          "id": 10015,
          "name": "Blueberry and Banana Muffin",
        },
        Object {
          "dietaries": Array [
            "df",
            "ve",
            "gf",
          ],
          "id": 10016,
          "name": "Ombar Chocolate Bar - Dark 72%",
        },
        Object {
          "dietaries": Array [
            "ve",
            "gf",
          ],
          "id": 10017,
          "name": "Ombar Bar - Milk",
        },
        Object {
          "dietaries": Array [
            "v",
            "gf",
          ],
          "id": 10018,
          "name": "Dark Chocolate Brownie",
        },
        Object {
          "dietaries": Array [
            "ve",
            "df",
            "gf",
          ],
          "id": 10019,
          "name": "Mangajo Pomegranate",
        },
        Object {
          "dietaries": Array [
            "ve",
            "v",
            "gf",
          ],
          "id": 10020,
          "name": "Mangajo Acai",
        },
      ],
    },
    "ref": null,
    "rendered": null,
    "type": [Function],
  },
  Symbol(enzyme.__nodes__): Array [
    Object {
      "instance": null,
      "key": undefined,
      "nodeType": "function",
      "props": Object {
        "items": Array [
          Object {
            "dietaries": Array [
              "v",
              "ve",
              "df",
              "gf",
              "n!",
            ],
            "id": 1001,
            "name": "Kale Caesar Pasta, Turmeric Satay Broccoli & Lemon Cashew Greens",
          },
          Object {
            "dietaries": Array [
              "gf",
              "df",
              "rsf",
            ],
            "id": 1002,
            "name": "Hake & Smoky Chickpeas, Brown Rice & Quinoa, Roasted Roots",
          },
          Object {
            "dietaries": Array [
              "gf",
              "df",
              "v",
              "ve",
              "n!",
            ],
            "id": 1003,
            "name": "Dill & Swiss Chard Potato Cakes, Summer Tabbouleh & Roasted Roots",
          },
          Object {
            "dietaries": Array [
              "df",
              "gf",
              "rsf",
              "n!",
            ],
            "id": 1004,
            "name": "Hake & Smoky Chickpeas, Herby Potatoes & Turmeric Satay Broccoli",
          },
          Object {
            "dietaries": Array [
              "gf",
              "df",
            ],
            "id": 1005,
            "name": "Cuban Beef, Brown Rice & Quinoa, Green Pepper & Butterbean Salad",
          },
          Object {
            "dietaries": Array [
              "gf",
              "df",
              "rsf",
              "n!",
            ],
            "id": 1006,
            "name": "Thai Chicken, Brown Rice & Quinoa, Lemon & Cashew Greens",
          },
          Object {
            "dietaries": Array [
              "gf",
              "df",
              "n!",
            ],
            "id": 1007,
            "name": "Cuban Beef, Herby Potatoes & Turmeric Satay Broccoli",
          },
          Object {
            "dietaries": Array [
              "gf",
              "df",
              "rsf",
              "n!",
            ],
            "id": 1008,
            "name": "Thai Chicken, Brown Rice & Quinoa & Turmeric Satay Broccolli",
          },
          Object {
            "dietaries": Array [
              "gf",
              "df",
            ],
            "id": 1009,
            "name": "Mackerel Salad Box",
          },
          Object {
            "dietaries": Array [
              "ve",
              "v",
              "gf",
              "df",
            ],
            "id": 10010,
            "name": "Pasta Salad Box",
          },
          Object {
            "dietaries": Array [],
            "id": 10011,
            "name": "Tuna Salad Box",
          },
          Object {
            "dietaries": Array [
              "gf",
              "v",
            ],
            "id": 10012,
            "name": "Coconut Blondie with Dark Chocolate",
          },
          Object {
            "dietaries": Array [
              "gf",
              "df",
            ],
            "id": 10013,
            "name": "Cinnamon Swirl Muffin",
          },
          Object {
            "dietaries": Array [
              "df",
              "gf",
              "n!",
              "v",
            ],
            "id": 10014,
            "name": "Apple, Date and Walnut Muffin",
          },
          Object {
            "dietaries": Array [
              "v",
              "df",
              "gf",
            ],
            "id": 10015,
            "name": "Blueberry and Banana Muffin",
          },
          Object {
            "dietaries": Array [
              "df",
              "ve",
              "gf",
            ],
            "id": 10016,
            "name": "Ombar Chocolate Bar - Dark 72%",
          },
          Object {
            "dietaries": Array [
              "ve",
              "gf",
            ],
            "id": 10017,
            "name": "Ombar Bar - Milk",
          },
          Object {
            "dietaries": Array [
              "v",
              "gf",
            ],
            "id": 10018,
            "name": "Dark Chocolate Brownie",
          },
          Object {
            "dietaries": Array [
              "ve",
              "df",
              "gf",
            ],
            "id": 10019,
            "name": "Mangajo Pomegranate",
          },
          Object {
            "dietaries": Array [
              "ve",
              "v",
              "gf",
            ],
            "id": 10020,
            "name": "Mangajo Acai",
          },
        ],
      },
      "ref": null,
      "rendered": null,
      "type": [Function],
    },
  ],
  Symbol(enzyme.__options__): Object {
    "adapter": ReactSixteenAdapter {
      "options": Object {
        "enableComponentDidUpdateOnSetState": true,
      },
    },
  },
}
`;
