// Jest Snapshot v1, https://goo.gl/fbAQLP

exports[`Item should render correctly 1`] = `
<li
  className="item"
>
  <h2>
    Dummy item
  </h2>
  <p>
    <span
      className="dietary"
    >
      ve
    </span>
    <span
      className="dietary"
    >
      v
    </span>
    <span
      className="dietary"
    >
      n!
    </span>
  </p>
</li>
`;
