// Jest Snapshot v1, https://goo.gl/fbAQLP

exports[`Item should render correctly 1`] = `
<li
  className="item"
  onClick={[Function]}
>
  <h2>
    Kale Caesar Pasta, Turmeric Satay Broccoli & Lemon Cashew Greens
  </h2>
  <p>
    <span
      className="dietary"
      key="v"
    >
      v
    </span>
    <span
      className="dietary"
      key="ve"
    >
      ve
    </span>
    <span
      className="dietary"
      key="df"
    >
      df
    </span>
    <span
      className="dietary"
      key="gf"
    >
      gf
    </span>
    <span
      className="dietary"
      key="n!"
    >
      n!
    </span>
  </p>
</li>
`;
